// Jest Snapshot v1, https://goo.gl/fbAQLP

exports[`Pruebas en <GifItem/> debe hacer match con el snapshot 1`] = `
<div>
  <div
    class="card"
  >
    <img
      alt="One Piece"
      src="http://testing.cl/one-piece.png"
    />
    <p>
      One Piece
    </p>
  </div>
</div>
`;
